../Core/Src/main.c:70:5:_write	24	static
../Core/Src/main.c:77:13:uart_process_command	64	static
../Core/Src/main.c:132:13:uart_byte_available	16	static
../Core/Src/main.c:149:5:main	16	static
../Core/Src/main.c:210:6:SystemClock_Config	96	static
../Core/Src/main.c:256:13:MX_I2C1_Init	8	static
../Core/Src/main.c:304:13:MX_USART2_UART_Init	8	static
../Core/Src/main.c:337:13:MX_DMA_Init	16	static
../Core/Src/main.c:355:13:MX_GPIO_Init	56	static
../Core/Src/main.c:407:6:Error_Handler	8	static,ignoring_inline_asm
