../Core/Src/main.c:70:5:_write	24	static
../Core/Src/main.c:77:13:uart_process_command	64	static
../Core/Src/main.c:144:13:uart_byte_available	16	static
../Core/Src/main.c:161:5:main	16	static
../Core/Src/main.c:222:6:SystemClock_Config	96	static
../Core/Src/main.c:268:13:MX_I2C1_Init	8	static
../Core/Src/main.c:316:13:MX_USART2_UART_Init	8	static
../Core/Src/main.c:349:13:MX_DMA_Init	16	static
../Core/Src/main.c:367:13:MX_GPIO_Init	56	static
../Core/Src/main.c:419:6:Error_Handler	8	static,ignoring_inline_asm
